../Core/Src/main.c:71:8:NMEA_To_Decimal	64	static
../Core/Src/main.c:85:6:GPS_Parse_And_Print	208	static
../Core/Src/main.c:132:6:GPS_RX_Task	152	static
../Core/Src/main.c:160:6:GPS_Parse_Task	144	static
../Core/Src/main.c:178:5:main	56	static
../Core/Src/main.c:256:6:SystemClock_Config	88	static
../Core/Src/main.c:303:13:MX_USART2_UART_Init	8	static
../Core/Src/main.c:336:13:MX_USART3_UART_Init	8	static
../Core/Src/main.c:369:13:MX_GPIO_Init	16	static
../Core/Src/main.c:395:6:StartDefaultTask	16	static
../Core/Src/main.c:410:6:Error_Handler	4	static,ignoring_inline_asm
